=== PREFLIGHT (SMOKE_TEST=1, 108s) ===
W0425 04:57:18.799000 179 torch/distributed/run.py:803] 
W0425 04:57:18.799000 179 torch/distributed/run.py:803] *****************************************
W0425 04:57:18.799000 179 torch/distributed/run.py:803] Setting OMP_NUM_THREADS environment variable for each process to be 1 in default, to avoid your system being overloaded, please further tune the variable for optimal performance in your application as needed. 
W0425 04:57:18.799000 179 torch/distributed/run.py:803] *****************************************
[default0]:job-e807e32d-7aab-4e0d-b687-e73e463923d7-worker-0:247:247 [0] NCCL INFO Bootstrap: Using eth0:10.245.41.22<0>
[default0]:job-e807e32d-7aab-4e0d-b687-e73e463923d7-worker-0:247:247 [0] NCCL INFO cudaDriverVersion 12080
[default0]:job-e807e32d-7aab-4e0d-b687-e73e463923d7-worker-0:247:247 [0] NCCL INFO NCCL version 2.27.5+cuda12.9
[default0]:job-e807e32d-7aab-4e0d-b687-e73e463923d7-worker-0:247:247 [0] NCCL INFO Comm config Blocking set to 1
[default4]:job-e807e32d-7aab-4e0d-b687-e73e463923d7-worker-0:251:251 [4] NCCL INFO cudaDriverVersion 12080
[default6]:job-e807e32d-7aab-4e0d-b687-e73e463923d7-worker-0:253:253 [6] NCCL INFO cudaDriverVersion 12080
[default4]:job-e807e32d-7aab-4e0d-b687-e73e463923d7-worker-0:251:251 [4] NCCL INFO Bootstrap: Using eth0:10.245.41.22<0>
[default6]:job-e807e32d-7aab-4e0d-b687-e73e463923d7-worker-0:253:253 [6] NCCL INFO Bootstrap: Using eth0:10.245.41.22<0>
[default4]:job-e807e32d-7aab-4e0d-b687-e73e463923d7-worker-0:251:251 [4] NCCL INFO NCCL version 2.27.5+cuda12.9
[default6]:job-e807e32d-7aab-4e0d-b687-e73e463923d7-worker-0:253:253 [6] NCCL INFO NCCL version 2.27.5+cuda12.9
[default4]:job-e807e32d-7aab-4e0d-b687-e73e463923d7-worker-0:251:251 [4] NCCL INFO Comm config Blocking set to 1
[default6]:job-e807e32d-7aab-4e0d-b687-e73e463923d7-worker-0:253:253 [6] NCCL INFO Comm config Blocking set to 1
[default1]:job-e807e32d-7aab-4e0d-b687-e73e463923d7-worker-0:248:248 [1] NCCL INFO cudaDriverVersion 12080
[default1]:job-e807e32d-7aab-4e0d-b687-e73e463923d7-worker-0:248:248 [1] NCCL INFO Bootstrap: Using eth0:10.245.41.22<0>
[default1]:job-e807e32d-7aab-4e0d-b687-e73e463923d7-worker-0:248:248 [1] NCCL INFO NCCL version 2.27.5+cuda12.9
[default1]:job-e807e32d-7aab-4e0d-b687-e73e463923d7-worker-0:248:248 [1] NCCL INFO Comm config Blocking set to 1
[default2]:job-e807e32d-7aab-4e0d-b687-e73e463923d7-worker-0:249:249 [2] NCCL INFO cudaDriverVersion 12080
[default2]:job-e807e32d-7aab-4e0d-b687-e73e463923d7-worker-0:249:249 [2] NCCL INFO Bootstrap: Using eth0:10.245.41.22<0>
[default2]:job-e807e32d-7aab-4e0d-b687-e73e463923d7-worker-0:249:249 [2] NCCL INFO NCCL version 2.27.5+cuda12.9
[default2]:job-e807e32d-7aab-4e0d-b687-e73e463923d7-worker-0:249:249 [2] NCCL INFO Comm config Blocking set to 1
[default3]:job-e807e32d-7aab-4e0d-b687-e73e463923d7-worker-0:250:250 [3] NCCL INFO cudaDriverVersion 12080
[default3]:job-e807e32d-7aab-4e0d-b687-e73e463923d7-worker-0:250:250 [3] NCCL INFO Bootstrap: Using eth0:10.245.41.22<0>
[default3]:job-e807e32d-7aab-4e0d-b687-e73e463923d7-worker-0:250:250 [3] NCCL INFO NCCL version 2.27.5+cuda12.9
[default3]:job-e807e32d-7aab-4e0d-b687-e73e463923d7-worker-0:250:250 [3] NCCL INFO Comm config Blocking set to 1
[default5]:job-e807e32d-7aab-4e0d-b687-e73e463923d7-worker-0:252:252 [5] NCCL INFO cudaDriverVersion 12080
[default5]:job-e807e32d-7aab-4e0d-b687-e73e463923d7-worker-0:252:252 [5] NCCL INFO Bootstrap: Using eth0:10.245.41.22<0>
[default5]:job-e807e32d-7aab-4e0d-b687-e73e463923d7-worker-0:252:252 [5] NCCL INFO NCCL version 2.27.5+cuda12.9
[default5]:job-e807e32d-7aab-4e0d-b687-e73e463923d7-worker-0:252:252 [5] NCCL INFO Comm config Blocking set to 1
[default7]:job-e807e32d-7aab-4e0d-b687-e73e463923d7-worker-0:254:254 [7] NCCL INFO cudaDriverVersion 12080
[default7]:job-e807e32d-7aab-4e0d-b687-e73e463923d7-worker-0:254:254 [7] NCCL INFO Bootstrap: Using eth0:10.245.41.22<0>
[default7]:job-e807e32d-7aab-4e0d-b687-e73e463923d7-worker-0:254:254 [7] NCCL INFO NCCL version 2.27.5+cuda12.9
[default7]:job-e807e32d-7aab-4e0d-b687-e73e463923d7-worker-0:254:254 [7] NCCL INFO Comm config Blocking set to 1
[default0]:job-e807e32d-7aab-4e0d-b687-e73e463923d7-worker-0:247:573 [0] NCCL INFO NET/Plugin: Could not find: libnccl-net.so. 
[default0]:job-e807e32d-7aab-4e0d-b687-e73e463923d7-worker-0:247:573 [0] NCCL INFO Failed to open libibverbs.so[.1]
[default0]:job-e807e32d-7aab-4e0d-b687-e73e463923d7-worker-0:247:573 [0] NCCL INFO NET/Socket : Using [0]eth0:10.245.41.22<0>
[default0]:job-e807e32d-7aab-4e0d-b687-e73e463923d7-worker-0:247:573 [0] NCCL INFO Initialized NET plugin Socket
[default0]:job-e807e32d-7aab-4e0d-b687-e73e463923d7-worker-0:247:573 [0] NCCL INFO Assigned NET plugin Socket to comm
[default0]:job-e807e32d-7aab-4e0d-b687-e73e463923d7-worker-0:247:573 [0] NCCL INFO Using network Socket
[default2]:job-e807e32d-7aab-4e0d-b687-e73e463923d7-worker-0:249:582 [2] NCCL INFO NET/Plugin: Could not find: libnccl-net.so. 
[default2]:job-e807e32d-7aab-4e0d-b687-e73e463923d7-worker-0:249:582 [2] NCCL INFO Failed to open libibverbs.so[.1]
[default2]:job-e807e32d-7aab-4e0d-b687-e73e463923d7-worker-0:249:582 [2] NCCL INFO NET/Socket : Using [0]eth0:10.245.41.22<0>
[default2]:job-e807e32d-7aab-4e0d-b687-e73e463923d7-worker-0:249:582 [2] NCCL INFO Initialized NET plugin Socket
[default2]:job-e807e32d-7aab-4e0d-b687-e73e463923d7-worker-0:249:582 [2] NCCL INFO Assigned NET plugin Socket to comm
[default2]:job-e807e32d-7aab-4e0d-b687-e73e463923d7-worker-0:249:582 [2] NCCL INFO Using network Socket
[default3]:job-e807e32d-7aab-4e0d-b687-e73e463923d7-worker-0:250:585 [3] NCCL INFO NET/Plugin: Could not find: libnccl-net.so. 
[default3]:job-e807e32d-7aab-4e0d-b687-e73e463923d7-worker-0:250:585 [3] NCCL INFO Failed to open libibverbs.so[.1]
[default3]:job-e807e32d-7aab-4e0d-b687-e73e463923d7-worker-0:250:585 [3] NCCL INFO NET/Socket : Using [0]eth0:10.245.41.22<0>
[default3]:job-e807e32d-7aab-4e0d-b687-e73e463923d7-worker-0:250:585 [3] NCCL INFO Initialized NET plugin Socket
[default3]:job-e807e32d-7aab-4e0d-b687-e73e463923d7-worker-0:250:585 [3] NCCL INFO Assigned NET plugin Socket to comm
[default3]:job-e807e32d-7aab-4e0d-b687-e73e463923d7-worker-0:250:585 [3] NCCL INFO Using network Socket
[default7]:job-e807e32d-7aab-4e0d-b687-e73e463923d7-worker-0:254:586 [7] NCCL INFO NET/Plugin: Could not find: libnccl-net.so. 
[default7]:job-e807e32d-7aab-4e0d-b687-e73e463923d7-worker-0:254:586 [7] NCCL INFO Failed to open libibverbs.so[.1]
[default7]:job-e807e32d-7aab-4e0d-b687-e73e463923d7-worker-0:254:586 [7] NCCL INFO NET/Socket : Using [0]eth0:10.245.41.22<0>
[default7]:job-e807e32d-7aab-4e0d-b687-e73e463923d7-worker-0:254:586 [7] NCCL INFO Initialized NET plugin Socket
[default7]:job-e807e32d-7aab-4e0d-b687-e73e463923d7-worker-0:254:586 [7] NCCL INFO Assigned NET plugin Socket to comm
[default7]:job-e807e32d-7aab-4e0d-b687-e73e463923d7-worker-0:254:586 [7] NCCL INFO Using network Socket
[default4]:job-e807e32d-7aab-4e0d-b687-e73e463923d7-worker-0:251:580 [4] NCCL INFO NET/Plugin: Could not find: libnccl-net.so. 
[default6]:job-e807e32d-7aab-4e0d-b687-e73e463923d7-worker-0:253:581 [6] NCCL INFO NET/Plugin: Could not find: libnccl-net.so. 
[default4]:job-e807e32d-7aab-4e0d-b687-e73e463923d7-worker-0:251:580 [4] NCCL INFO Failed to open libibverbs.so[.1]
[default6]:job-e807e32d-7aab-4e0d-b687-e73e463923d7-worker-0:253:581 [6] NCCL INFO Failed to open libibverbs.so[.1]
[default4]:job-e807e32d-7aab-4e0d-b687-e73e463923d7-worker-0:251:580 [4] NCCL INFO NET/Socket : Using [0]eth0:10.245.41.22<0>
[default6]:job-e807e32d-7aab-4e0d-b687-e73e463923d7-worker-0:253:581 [6] NCCL INFO NET/Socket : Using [0]eth0:10.245.41.22<0>
[default4]:job-e807e32d-7aab-4e0d-b687-e73e463923d7-worker-0:251:580 [4] NCCL INFO Initialized NET plugin Socket
[default6]:job-e807e32d-7aab-4e0d-b687-e73e463923d7-worker-0:253:581 [6] NCCL INFO Initialized NET plugin Socket
[default4]:job-e807e32d-7aab-4e0d-b687-e73e463923d7-worker-0:251:580 [4] NCCL INFO Assigned NET plugin Socket to comm
[default6]:job-e807e32d-7aab-4e0d-b687-e73e463923d7-worker-0:253:581 [6] NCCL INFO Assigned NET plugin Socket to comm
[default4]:job-e807e32d-7aab-4e0d-b687-e73e463923d7-worker-0:251:580 [4] NCCL INFO Using network Socket
[default6]:job-e807e32d-7aab-4e0d-b687-e73e463923d7-worker-0:253:581 [6] NCCL INFO Using network Socket
[default0]:job-e807e32d-7aab-4e0d-b687-e73e463923d7-worker-0:247:573 [0] NCCL INFO ncclCommInitRankConfig comm 0x55c5b577e3d0 rank 0 nranks 8 cudaDev 0 nvmlDev 0 busId 19000 commId 0x415c0bbf2d093211 - Init START
[default5]:job-e807e32d-7aab-4e0d-b687-e73e463923d7-worker-0:252:587 [5] NCCL INFO NET/Plugin: Could not find: libnccl-net.so. 
[default5]:job-e807e32d-7aab-4e0d-b687-e73e463923d7-worker-0:252:587 [5] NCCL INFO Failed to open libibverbs.so[.1]
[default5]:job-e807e32d-7aab-4e0d-b687-e73e463923d7-worker-0:252:587 [5] NCCL INFO NET/Socket : Using [0]eth0:10.245.41.22<0>
[default5]:job-e807e32d-7aab-4e0d-b687-e73e463923d7-worker-0:252:587 [5] NCCL INFO Initialized NET plugin Socket
[default5]:job-e807e32d-7aab-4e0d-b687-e73e463923d7-worker-0:252:587 [5] NCCL INFO Assigned NET plugin Socket to comm
[default5]:job-e807e32d-7aab-4e0d-b687-e73e463923d7-worker-0:252:587 [5] NCCL INFO Using network Socket
[default1]:job-e807e32d-7aab-4e0d-b687-e73e463923d7-worker-0:248:590 [1] NCCL INFO NET/Plugin: Could not find: libnccl-net.so. 
[default1]:job-e807e32d-7aab-4e0d-b687-e73e463923d7-worker-0:248:590 [1] NCCL INFO Failed to open libibverbs.so[.1]
[default1]:job-e807e32d-7aab-4e0d-b687-e73e463923d7-worker-0:248:590 [1] NCCL INFO NET/Socket : Using [0]eth0:10.245.41.22<0>
[default1]:job-e807e32d-7aab-4e0d-b687-e73e463923d7-worker-0:248:590 [1] NCCL INFO Initialized NET plugin Socket
[default1]:job-e807e32d-7aab-4e0d-b687-e73e463923d7-worker-0:248:590 [1] NCCL INFO Assigned NET plugin Socket to comm
[default1]:job-e807e32d-7aab-4e0d-b687-e73e463923d7-worker-0:248:590 [1] NCCL INFO Using network Socket
[default6]:job-e807e32d-7aab-4e0d-b687-e73e463923d7-worker-0:253:581 [6] NCCL INFO ncclCommInitRankConfig comm 0x5630298ab9f0 rank 6 nranks 8 cudaDev 6 nvmlDev 6 busId cb000 commId 0x415c0bbf2d093211 - Init START
[default2]:job-e807e32d-7aab-4e0d-b687-e73e463923d7-worker-0:249:582 [2] NCCL INFO ncclCommInitRankConfig comm 0x5564b4fce0b0 rank 2 nranks 8 cudaDev 2 nvmlDev 2 busId 4c000 commId 0x415c0bbf2d093211 - Init START
[default3]:job-e807e32d-7aab-4e0d-b687-e73e463923d7-worker-0:250:585 [3] NCCL INFO ncclCommInitRankConfig comm 0x563c6b199700 rank 3 nranks 8 cudaDev 3 nvmlDev 3 busId 5d000 commId 0x415c0bbf2d093211 - Init START
[default3]:job-e807e32d-7aab-4e0d-b687-e73e463923d7-worker-0:250:585 [3] NCCL INFO RAS client listening socket at ::1<28028>
[default7]:job-e807e32d-7aab-4e0d-b687-e73e463923d7-worker-0:254:586 [7] NCCL INFO ncclCommInitRankConfig comm 0x5616fb60cd40 rank 7 nranks 8 cudaDev 7 nvmlDev 7 busId db000 commId 0x415c0bbf2d093211 - Init START
[default7]:job-e807e32d-7aab-4e0d-b687-e73e463923d7-worker-0:254:586 [7] NCCL INFO RAS client listening socket at ::1<28028>
[default4]:job-e807e32d-7aab-4e0d-b687-e73e463923d7-worker-0:251:580 [4] NCCL INFO ncclCommInitRankConfig comm 0x55bd61f08390 rank 4 nranks 8 cudaDev 4 nvmlDev 4 busId 9b000 commId 0x415c0bbf2d093211 - Init START
[default1]:job-e807e32d-7aab-4e0d-b687-e73e463923d7-worker-0:248:590 [1] NCCL INFO ncclCommInitRankConfig comm 0x56133127eba0 rank 1 nranks 8 cudaDev 1 nvmlDev 1 busId 3b000 commId 0x415c0bbf2d093211 - Init START
[default1]:job-e807e32d-7aab-4e0d-b687-e73e463923d7-worker-0:248:590 [1] NCCL INFO RAS client listening socket at ::1<28028>
[default1]:job-e807e32d-7aab-4e0d-b687-e73e463923d7-worker-0:248:590 [1] NCCL INFO Bootstrap timings total 0.001967 (create 0.000027, send 0.000087, recv 0.000131, ring 0.001408, delay 0.000002)
[default1]:job-e807e32d-7aab-4e0d-b687-e73e463923d7-worker-0:248:590 [1] NCCL INFO MNNVL busId 0x3b000 fabric UUID 0.0 cliqueId 0x0 state 3 healthMask 0x0
[default2]:job-e807e32d-7aab-4e0d-b687-e73e463923d7-worker-0:249:582 [2] NCCL INFO RAS client listening socket at ::1<28028>
[default2]:job-e807e32d-7aab-4e0d-b687-e73e463923d7-worker-0:249:582 [2] NCCL INFO Bootstrap timings total 0.063517 (create 0.000028, send 0.000096, recv 0.000032, ring 0.001375, delay 0.000002)
[default2]:job-e807e32d-7aab-4e0d-b687-e73e463923d7-worker-0:249:582 [2] NCCL INFO MNNVL busId 0x4c000 fabric UUID 0.0 cliqueId 0x0 state 3 healthMask 0x0
[default3]:job-e807e32d-7aab-4e0d-b687-e73e463923d7-worker-0:250:585 [3] NCCL INFO Bootstrap timings total 0.104352 (create 0.000030, send 0.000090, recv 0.005648, ring 0.060626, delay 0.000002)
[default3]:job-e807e32d-7aab-4e0d-b687-e73e463923d7-worker-0:250:585 [3] NCCL INFO MNNVL busId 0x5d000 fabric UUID 0.0 cliqueId 0x0 state 3 healthMask 0x0
[default5]:job-e807e32d-7aab-4e0d-b687-e73e463923d7-worker-0:252:587 [5] NCCL INFO ncclCommInitRankConfig comm 0x5571e41170b0 rank 5 nranks 8 cudaDev 5 nvmlDev 5 busId bb000 commId 0x415c0bbf2d093211 - Init START
[default5]:job-e807e32d-7aab-4e0d-b687-e73e463923d7-worker-0:252:587 [5] NCCL INFO RAS client listening socket at ::1<28028>
[default5]:job-e807e32d-7aab-4e0d-b687-e73e463923d7-worker-0:252:587 [5] NCCL INFO Bootstrap timings total 0.033440 (create 0.000028, send 0.000098, recv 0.000072, ring 0.032893, delay 0.000002)
[default5]:job-e807e32d-7aab-4e0d-b687-e73e463923d7-worker-0:252:587 [5] NCCL INFO MNNVL busId 0xbb000 fabric UUID 0.0 cliqueId 0x0 state 3 healthMask 0x0
[default7]:job-e807e32d-7aab-4e0d-b687-e73e463923d7-worker-0:254:586 [7] NCCL INFO Bootstrap timings total 0.072316 (create 0.000028, send 0.000091, recv 0.000107, ring 0.071688, delay 0.000002)
[default7]:job-e807e32d-7aab-4e0d-b687-e73e463923d7-worker-0:254:586 [7] NCCL INFO MNNVL busId 0xdb000 fabric UUID 0.0 cliqueId 0x0 state 3 healthMask 0x0
[default0]:job-e807e32d-7aab-4e0d-b687-e73e463923d7-worker-0:247:573 [0] NCCL INFO RAS client listening socket at ::1<28028>
[default0]:job-e807e32d-7aab-4e0d-b687-e73e463923d7-worker-0:247:573 [0] NCCL INFO Bootstrap timings total 0.660400 (create 0.000030, send 0.000090, recv 0.658532, ring 0.000130, delay 0.000002)
[default0]:job-e807e32d-7aab-4e0d-b687-e73e463923d7-worker-0:247:573 [0] NCCL INFO MNNVL busId 0x19000 fabric UUID 0.0 cliqueId 0x0 state 3 healthMask 0x0
[default4]:job-e807e32d-7aab-4e0d-b687-e73e463923d7-worker-0:251:580 [4] NCCL INFO RAS client listening socket at ::1<28028>
[default4]:job-e807e32d-7aab-4e0d-b687-e73e463923d7-worker-0:251:580 [4] NCCL INFO Bootstrap timings total 0.098869 (create 0.000037, send 0.000103, recv 0.065459, ring 0.032897, delay 0.000002)
[default4]:job-e807e32d-7aab-4e0d-b687-e73e463923d7-worker-0:251:580 [4] NCCL INFO MNNVL busId 0x9b000 fabric UUID 0.0 cliqueId 0x0 state 3 healthMask 0x0
[default6]:job-e807e32d-7aab-4e0d-b687-e73e463923d7-worker-0:253:581 [6] NCCL INFO RAS client listening socket at ::1<28028>
[default6]:job-e807e32d-7aab-4e0d-b687-e73e463923d7-worker-0:253:581 [6] NCCL INFO Bootstrap timings total 0.170724 (create 0.000032, send 0.000086, recv 0.098485, ring 0.032875, delay 0.000002)
[default6]:job-e807e32d-7aab-4e0d-b687-e73e463923d7-worker-0:253:581 [6] NCCL INFO MNNVL busId 0xcb000 fabric UUID 0.0 cliqueId 0x0 state 3 healthMask 0x0
[default1]:job-e807e32d-7aab-4e0d-b687-e73e463923d7-worker-0:248:590 [1] NCCL INFO Setting affinity for GPU 1 to 0-47,96-143
[default1]:job-e807e32d-7aab-4e0d-b687-e73e463923d7-worker-0:248:590 [1] NCCL INFO NCCL_NVLS_ENABLE set by environment to 0.
[default1]:job-e807e32d-7aab-4e0d-b687-e73e463923d7-worker-0:248:590 [1] NCCL INFO comm 0x56133127eba0 rank 1 nRanks 8 nNodes 1 localRanks 8 localRank 1 MNNVL 0
[default1]:job-e807e32d-7aab-4e0d-b687-e73e463923d7-worker-0:248:590 [1] NCCL INFO Trees [0] 2/-1/-1->1->0 [1] 2/-1/-1->1->0 [2] 2/-1/-1->1->0 [3] 2/-1/-1->1->0 [4] 2/-1/-1->1->0 [5] 2/-1/-1->1->0 [6] 2/-1/-1->1->0 [7] 2/-1/-1->1->0 [8] 2/-1/-1->1->0 [9] 2/-1/-1->1->0 [10] 2/-1/-1->1->0 [11] 2/-1/-1->1->0 [12] 2/-1/-1->1->0 [13] 2/-1/-1->1->0 [14] 2/-1/-1->1->0 [15] 2/-1/-1->1->0 [16] 2/-1/-1->1->0 [17] 2/-1/-1->1->0 [18] 2/-1/-1->1->0 [19] 2/-1/-1->1->0 [20] 2/-1/-1->1->0 [21] 2/-1/-1->1->0 [22] 2/-1/-1->1->0 [23] 2/-1/-1->1->0
[default1]:job-e807e32d-7aab-4e0d-b687-e73e463923d7-worker-0:248:590 [1] NCCL INFO P2P Chunksize set to 524288
[default1]:job-e807e32d-7aab-4e0d-b687-e73e463923d7-worker-0:248:590 [1] NCCL INFO PROFILER/Plugin: Could not find: libnccl-profiler.so. 
[default1]:job-e807e32d-7aab-4e0d-b687-e73e463923d7-worker-0:248:599 [1] NCCL INFO [Proxy Service] Device 1 CPU core 38
[default1]:job-e807e32d-7aab-4e0d-b687-e73e463923d7-worker-0:248:600 [1] NCCL INFO [Proxy Service UDS] Device 1 CPU core 137
[default1]:job-e807e32d-7aab-4e0d-b687-e73e463923d7-worker-0:248:590 [1] NCCL INFO threadThresholds 8/8/64 | 64/8/64 | 512 | 512
[default1]:job-e807e32d-7aab-4e0d-b687-e73e463923d7-worker-0:248:590 [1] NCCL INFO 24 coll channels, 24 collnet channels, 0 nvls channels, 32 p2p channels, 32 p2p channels per peer
[default2]:job-e807e32d-7aab-4e0d-b687-e73e463923d7-worker-0:249:582 [2] NCCL INFO Setting affinity for GPU 2 to 0-47,96-143
[default2]:job-e807e32d-7aab-4e0d-b687-e73e463923d7-worker-0:249:582 [2] NCCL INFO NCCL_NVLS_ENABLE set by environment to 0.
[default2]:job-e807e32d-7aab-4e0d-b687-e73e463923d7-worker-0:249:582 [2] NCCL INFO comm 0x5564b4fce0b0 rank 2 nRanks 8 nNodes 1 localRanks 8 localRank 2 MNNVL 0
[default2]:job-e807e32d-7aab-4e0d-b687-e73e463923d7-worker-0:249:582 [2] NCCL INFO Trees [0] 3/-1/-1->2->1 [1] 3/-1/-1->2->1 [2] 3/-1/-1->2->1 [3] 3/-1/-1->2->1 [4] 3/-1/-1->2->1 [5] 3/-1/-1->2->1 [6] 3/-1/-1->2->1 [7] 3/-1/-1->2->1 [8] 3/-1/-1->2->1 [9] 3/-1/-1->2->1 [10] 3/-1/-1->2->1 [11] 3/-1/-1->2->1 [12] 3/-1/-1->2->1 [13] 3/-1/-1->2->1 [14] 3/-1/-1->2->1 [15] 3/-1/-1->2->1 [16] 3/-1/-1->2->1 [17] 3/-1/-1->2->1 [18] 3/-1/-1->2->1 [19] 3/-1/-1->2->1 [20] 3/-1/-1->2->1 [21] 3/-1/-1->2->1 [22] 3/-1/-1->2->1 [23] 3/-1/-1->2->1
[default2]:job-e807e32d-7aab-4e0d-b687-e73e463923d7-worker-0:249:582 [2] NCCL INFO P2P Chunksize set to 524288
[default2]:job-e807e32d-7aab-4e0d-b687-e73e463923d7-worker-0:249:582 [2] NCCL INFO PROFILER/Plugin: Could not find: libnccl-profiler.so. 
[default2]:job-e807e32d-7aab-4e0d-b687-e73e463923d7-worker-0:249:609 [2] NCCL INFO [Proxy Service] Device 2 CPU core 98
[default2]:job-e807e32d-7aab-4e0d-b687-e73e463923d7-worker-0:249:610 [2] NCCL INFO [Proxy Service UDS] Device 2 CPU core 109
[default3]:job-e807e32d-7aab-4e0d-b687-e73e463923d7-worker-0:250:585 [3] NCCL INFO Setting affinity for GPU 3 to 0-47,96-143
[default3]:job-e807e32d-7aab-4e0d-b687-e73e463923d7-worker-0:250:585 [3] NCCL INFO NCCL_NVLS_ENABLE set by environment to 0.
[default3]:job-e807e32d-7aab-4e0d-b687-e73e463923d7-worker-0:250:585 [3] NCCL INFO comm 0x563c6b199700 rank 3 nRanks 8 nNodes 1 localRanks 8 localRank 3 MNNVL 0
[default3]:job-e807e32d-7aab-4e0d-b687-e73e463923d7-worker-0:250:585 [3] NCCL INFO Trees [0] 4/-1/-1->3->2 [1] 4/-1/-1->3->2 [2] 4/-1/-1->3->2 [3] 4/-1/-1->3->2 [4] 4/-1/-1->3->2 [5] 4/-1/-1->3->2 [6] 4/-1/-1->3->2 [7] 4/-1/-1->3->2 [8] 4/-1/-1->3->2 [9] 4/-1/-1->3->2 [10] 4/-1/-1->3->2 [11] 4/-1/-1->3->2 [12] 4/-1/-1->3->2 [13] 4/-1/-1->3->2 [14] 4/-1/-1->3->2 [15] 4/-1/-1->3->2 [16] 4/-1/-1->3->2 [17] 4/-1/-1->3->2 [18] 4/-1/-1->3->2 [19] 4/-1/-1->3->2 [20] 4/-1/-1->3->2 [21] 4/-1/-1->3->2 [22] 4/-1/-1->3->2 [23] 4/-1/-1->3->2
[default3]:job-e807e32d-7aab-4e0d-b687-e73e463923d7-worker-0:250:585 [3] NCCL INFO P2P Chunksize set to 524288
[default3]:job-e807e32d-7aab-4e0d-b687-e73e463923d7-worker-0:250:585 [3] NCCL INFO PROFILER/Plugin: Could not find: libnccl-profiler.so. 
[default3]:job-e807e32d-7aab-4e0d-b687-e73e463923d7-worker-0:250:602 [3] NCCL INFO [Proxy Service] Device 3 CPU core 103
[default3]:job-e807e32d-7aab-4e0d-b687-e73e463923d7-worker-0:250:604 [3] NCCL INFO [Proxy Service UDS] Device 3 CPU core 104
[default5]:job-e807e32d-7aab-4e0d-b687-e73e463923d7-worker-0:252:587 [5] NCCL INFO Setting affinity for GPU 5 to 48-95,144-191
[default5]:job-e807e32d-7aab-4e0d-b687-e73e463923d7-worker-0:252:587 [5] NCCL INFO NCCL_NVLS_ENABLE set by environment to 0.
[default5]:job-e807e32d-7aab-4e0d-b687-e73e463923d7-worker-0:252:587 [5] NCCL INFO comm 0x5571e41170b0 rank 5 nRanks 8 nNodes 1 localRanks 8 localRank 5 MNNVL 0
[default5]:job-e807e32d-7aab-4e0d-b687-e73e463923d7-worker-0:252:587 [5] NCCL INFO Trees [0] 6/-1/-1->5->4 [1] 6/-1/-1->5->4 [2] 6/-1/-1->5->4 [3] 6/-1/-1->5->4 [4] 6/-1/-1->5->4 [5] 6/-1/-1->5->4 [6] 6/-1/-1->5->4 [7] 6/-1/-1->5->4 [8] 6/-1/-1->5->4 [9] 6/-1/-1->5->4 [10] 6/-1/-1->5->4 [11] 6/-1/-1->5->4 [12] 6/-1/-1->5->4 [13] 6/-1/-1->5->4 [14] 6/-1/-1->5->4 [15] 6/-1/-1->5->4 [16] 6/-1/-1->5->4 [17] 6/-1/-1->5->4 [18] 6/-1/-1->5->4 [19] 6/-1/-1->5->4 [20] 6/-1/-1->5->4 [21] 6/-1/-1->5->4 [22] 6/-1/-1->5->4 [23] 6/-1/-1->5->4
[default5]:job-e807e32d-7aab-4e0d-b687-e73e463923d7-worker-0:252:587 [5] NCCL INFO P2P Chunksize set to 524288
[default5]:job-e807e32d-7aab-4e0d-b687-e73e463923d7-worker-0:252:587 [5] NCCL INFO PROFILER/Plugin: Could not find: libnccl-profiler.so. 
[default5]:job-e807e32d-7aab-4e0d-b687-e73e463923d7-worker-0:252:606 [5] NCCL INFO [Proxy Service] Device 5 CPU core 158
[default5]:job-e807e32d-7aab-4e0d-b687-e73e463923d7-worker-0:252:608 [5] NCCL INFO [Proxy Service UDS] Device 5 CPU core 159
[default7]:job-e807e32d-7aab-4e0d-b687-e73e463923d7-worker-0:254:586 [7] NCCL INFO Setting affinity for GPU 7 to 48-95,144-191
[default7]:job-e807e32d-7aab-4e0d-b687-e73e463923d7-worker-0:254:586 [7] NCCL INFO NCCL_NVLS_ENABLE set by environment to 0.
[default7]:job-e807e32d-7aab-4e0d-b687-e73e463923d7-worker-0:254:586 [7] NCCL INFO comm 0x5616fb60cd40 rank 7 nRanks 8 nNodes 1 localRanks 8 localRank 7 MNNVL 0
[default7]:job-e807e32d-7aab-4e0d-b687-e73e463923d7-worker-0:254:586 [7] NCCL INFO Trees [0] -1/-1/-1->7->6 [1] -1/-1/-1->7->6 [2] -1/-1/-1->7->6 [3] -1/-1/-1->7->6 [4] -1/-1/-1->7->6 [5] -1/-1/-1->7->6 [6] -1/-1/-1->7->6 [7] -1/-1/-1->7->6 [8] -1/-1/-1->7->6 [9] -1/-1/-1->7->6 [10] -1/-1/-1->7->6 [11] -1/-1/-1->7->6 [12] -1/-1/-1->7->6 [13] -1/-1/-1->7->6 [14] -1/-1/-1->7->6 [15] -1/-1/-1->7->6 [16] -1/-1/-1->7->6 [17] -1/-1/-1->7->6 [18] -1/-1/-1->7->6 [19] -1/-1/-1->7->6 [20] -1/-1/-1->7->6 [21] -1/-1/-1->7->6 [22] -1/-1/-1->7->6 [23] -1/-1/-1->7->6
[default7]:job-e807e32d-7aab-4e0d-b687-e73e463923d7-worker-0:254:586 [7] NCCL INFO P2P Chunksize set to 524288
[default7]:job-e807e32d-7aab-4e0d-b687-e73e463923d7-worker-0:254:586 [7] NCCL INFO PROFILER/Plugin: Could not find: libnccl-profiler.so. 
[default7]:job-e807e32d-7aab-4e0d-b687-e73e463923d7-worker-0:254:605 [7] NCCL INFO [Proxy Service] Device 7 CPU core 66
[default7]:job-e807e32d-7aab-4e0d-b687-e73e463923d7-worker-0:254:607 [7] NCCL INFO [Proxy Service UDS] Device 7 CPU core 67
[default0]:job-e807e32d-7aab-4e0d-b687-e73e463923d7-worker-0:247:573 [0] NCCL INFO Setting affinity for GPU 0 to 0-47,96-143
[default0]:job-e807e32d-7aab-4e0d-b687-e73e463923d7-worker-0:247:573 [0] NCCL INFO NCCL_NVLS_ENABLE set by environment to 0.
[default0]:job-e807e32d-7aab-4e0d-b687-e73e463923d7-worker-0:247:573 [0] NCCL INFO comm 0x55c5b577e3d0 rank 0 nRanks 8 nNodes 1 localRanks 8 localRank 0 MNNVL 0
[default0]:job-e807e32d-7aab-4e0d-b687-e73e463923d7-worker-0:247:573 [0] NCCL INFO Channel 00/24 : 0 1 2 3 4 5 6 7
[default0]:job-e807e32d-7aab-4e0d-b687-e73e463923d7-worker-0:247:573 [0] NCCL INFO Channel 01/24 : 0 1 2 3 4 5 6 7
[default0]:job-e807e32d-7aab-4e0d-b687-e73e463923d7-worker-0:247:573 [0] NCCL INFO Channel 02/24 : 0 1 2 3 4 5 6 7
[default0]:job-e807e32d-7aab-4e0d-b687-e73e463923d7-worker-0:247:573 [0] NCCL INFO Channel 03/24 : 0 1 2 3 4 5 6 7
[default0]:job-e807e32d-7aab-4e0d-b687-e73e463923d7-worker-0:247:573 [0] NCCL INFO Channel 04/24 : 0 1 2 3 4 5 6 7
[default0]:job-e807e32d-7aab-4e0d-b687-e73e463923d7-worker-0:247:573 [0] NCCL INFO Channel 05/24 : 0 1 2 3 4 5 6 7
[default0]:job-e807e32d-7aab-4e0d-b687-e73e463923d7-worker-0:247:573 [0] NCCL INFO Channel 06/24 : 0 1 2 3 4 5 6 7
[default0]:job-e807e32d-7aab-4e0d-b687-e73e463923d7-worker-0:247:573 [0] NCCL INFO Channel 07/24 : 0 1 2 3 4 5 6 7
[default0]:job-e807e32d-7aab-4e0d-b687-e73e463923d7-worker-0:247:573 [0] NCCL INFO Channel 08/24 : 0 1 2 3 4 5 6 7
[default0]:job-e807e32d-7aab-4e0d-b687-e73e463923d7-worker-0:247:573 [0] NCCL INFO Channel 09/24 : 0 1 2 3 4 5 6 7
[default0]:job-e807e32d-7aab-4e0d-b687-e73e463923d7-worker-0:247:573 [0] NCCL INFO Channel 10/24 : 0 1 2 3 4 5 6 7
[default0]:job-e807e32d-7aab-4e0d-b687-e73e463923d7-worker-0:247:573 [0] NCCL INFO Channel 11/24 : 0 1 2 3 4 5 6 7
[default0]:job-e807e32d-7aab-4e0d-b687-e73e463923d7-worker-0:247:573 [0] NCCL INFO Channel 12/24 : 0 1 2 3 4 5 6 7
[default0]:job-e807e32d-7aab-4e0d-b687-e73e463923d7-worker-0:247:573 [0] NCCL INFO Channel 13/24 : 0 1 2 3 4 5 6 7
[default0]:job-e807e32d-7aab-4e0d-b687-e73e463923d7-worker-0:247:573 [0] NCCL INFO Channel 14/24 : 0 1 2 3 4 5 6 7
[default0]:job-e807e32d-7aab-4e0d-b687-e73e463923d7-worker-0:247:573 [0] NCCL INFO Channel 15/24 : 0 1 2 3 4 5 6 7
[default0]:job-e807e32d-7aab-4e0d-b687-e73e463923d7-worker-0:247:573 [0] NCCL INFO Channel 16/24 : 0 1 2 3 4 5 6 7
[default0]:job-e807e32d-7aab-4e0d-b687-e73e463923d7-worker-0:247:573 [0] NCCL INFO Channel 17/24 : 0 1 2 3 4 5 6 7
[default0]:job-e807e32d-7aab-4e0d-b687-e73e463923d7-worker-0:247:573 [0] NCCL INFO Channel 18/24 : 0 1 2 3 4 5 6 7
[default0]:job-e807e32d-7aab-4e0d-b687-e73e463923d7-worker-0:247:573 [0] NCCL INFO Channel 19/24 : 0 1 2 3 4 5 6 7
[default0]:job-e807e32d-7aab-4e0d-b687-e73e463923d7-worker-0:247:573 [0] NCCL INFO Channel 20/24 : 0 1 2 3 4 5 6 7
[default0]:job-e807e32d-7aab-4e0d-b687-e73e463923d7-worker-0:247:573 [0] NCCL INFO Channel 21/24 : 0 1 2 3 4 5 6 7
[default0]:job-e807e32d-7aab-4e0d-b687-e73e463923d7-worker-0:247:573 [0] NCCL INFO Channel 22/24 : 0 1 2 3 4 5 6 7
[default0]:job-e807e32d-7aab-4e0d-b687-e73e463923d7-worker-0:247:573 [0] NCCL INFO Channel 23/24 : 0 1 2 3 4 5 6 7
[default0]:job-e807e32d-7aab-4e0d-b687-e73e463923d7-worker-0:247:573 [0] NCCL INFO Trees [0] 1/-1/-1->0->-1 [1] 1/-1/-1->0->-1 [2] 1/-1/-1->0->-1 [3] 1/-1/-1->0->-1 [4] 1/-1/-1->0->-1 [5] 1/-1/-1->0->-1 [6] 1/-1/-1->0->-1 [7] 1/-1/-1->0->-1 [8] 1/-1/-1->0->-1 [9] 1/-1/-1->0->-1 [10] 1/-1/-1->0->-1 [11] 1/-1/-1->0->-1 [12] 1/-1/-1->0->-1 [13] 1/-1/-1->0->-1 [14] 1/-1/-1->0->-1 [15] 1/-1/-1->0->-1 [16] 1/-1/-1->0->-1 [17] 1/-1/-1->0->-1 [18] 1/-1/-1->0->-1 [19] 1/-1/-1->0->-1 [20] 1/-1/-1->0->-1 [21] 1/-1/-1->0->-1 [22] 1/-1/-1->0->-1 [23] 1/-1/-1->0->-1
[default0]:job-e807e32d-7aab-4e0d-b687-e73e463923d7-worker-0:247:573 [0] NCCL INFO P2P Chunksize set to 524288
[default0]:job-e807e32d-7aab-4e0d-b687-e73e463923d7-worker-0:247:573 [0] NCCL INFO PROFILER/Plugin: Could not find: libnccl-profiler.so. 
[default0]:job-e807e32d-7aab-4e0d-b687-e73e463923d7-worker-0:247:573 [0] NCCL INFO Check P2P Type isAllDirectP2p 1 directMode 0
[default4]:job-e807e32d-7aab-4e0d-b687-e73e463923d7-worker-0:251:580 [4] NCCL INFO Setting affinity for GPU 4 to 48-95,144-191
[default0]:job-e807e32d-7aab-4e0d-b687-e73e463923d7-worker-0:247:613 [0] NCCL INFO [Proxy Service] Device 0 CPU core 15
[default4]:job-e807e32d-7aab-4e0d-b687-e73e463923d7-worker-0:251:580 [4] NCCL INFO NCCL_NVLS_ENABLE set by environment to 0.
[default0]:job-e807e32d-7aab-4e0d-b687-e73e463923d7-worker-0:247:614 [0] NCCL INFO [Proxy Service UDS] Device 0 CPU core 20
[default4]:job-e807e32d-7aab-4e0d-b687-e73e463923d7-worker-0:251:580 [4] NCCL INFO comm 0x55bd61f08390 rank 4 nRanks 8 nNodes 1 localRanks 8 localRank 4 MNNVL 0
[default4]:job-e807e32d-7aab-4e0d-b687-e73e463923d7-worker-0:251:580 [4] NCCL INFO Trees [0] 5/-1/-1->4->3 [1] 5/-1/-1->4->3 [2] 5/-1/-1->4->3 [3] 5/-1/-1->4->3 [4] 5/-1/-1->4->3 [5] 5/-1/-1->4->3 [6] 5/-1/-1->4->3 [7] 5/-1/-1->4->3 [8] 5/-1/-1->4->3 [9] 5/-1/-1->4->3 [10] 5/-1/-1->4->3 [11] 5/-1/-1->4->3 [12] 5/-1/-1->4->3 [13] 5/-1/-1->4->3 [14] 5/-1/-1->4->3 [15] 5/-1/-1->4->3 [16] 5/-1/-1->4->3 [17] 5/-1/-1->4->3 [18] 5/-1/-1->4->3 [19] 5/-1/-1->4->3 [20] 5/-1/-1->4->3 [21] 5/-1/-1->4->3 [22] 5/-1/-1->4->3 [23] 5/-1/-1->4->3
[default4]:job-e807e32d-7aab-4e0d-b687-e73e463923d7-worker-0:251:580 [4] NCCL INFO P2P Chunksize set to 524288
[default4]:job-e807e32d-7aab-4e0d-b687-e73e463923d7-worker-0:251:580 [4] NCCL INFO PROFILER/Plugin: Could not find: libnccl-profiler.so. 
[default4]:job-e807e32d-7aab-4e0d-b687-e73e463923d7-worker-0:251:611 [4] NCCL INFO [Proxy Service] Device 4 CPU core 84
[default4]:job-e807e32d-7aab-4e0d-b687-e73e463923d7-worker-0:251:612 [4] NCCL INFO [Proxy Service UDS] Device 4 CPU core 181
[default6]:job-e807e32d-7aab-4e0d-b687-e73e463923d7-worker-0:253:581 [6] NCCL INFO Setting affinity for GPU 6 to 48-95,144-191
[default6]:job-e807e32d-7aab-4e0d-b687-e73e463923d7-worker-0:253:581 [6] NCCL INFO NCCL_NVLS_ENABLE set by environment to 0.
[default6]:job-e807e32d-7aab-4e0d-b687-e73e463923d7-worker-0:253:581 [6] NCCL INFO comm 0x5630298ab9f0 rank 6 nRanks 8 nNodes 1 localRanks 8 localRank 6 MNNVL 0
[default6]:job-e807e32d-7aab-4e0d-b687-e73e463923d7-worker-0:253:581 [6] NCCL INFO Trees [0] 7/-1/-1->6->5 [1] 7/-1/-1->6->5 [2] 7/-1/-1->6->5 [3] 7/-1/-1->6->5 [4] 7/-1/-1->6->5 [5] 7/-1/-1->6->5 [6] 7/-1/-1->6->5 [7] 7/-1/-1->6->5 [8] 7/-1/-1->6->5 [9] 7/-1/-1->6->5 [10] 7/-1/-1->6->5 [11] 7/-1/-1->6->5 [12] 7/-1/-1->6->5 [13] 7/-1/-1->6->5 [14] 7/-1/-1->6->5 [15] 7/-1/-1->6->5 [16] 7/-1/-1->6->5 [17] 7/-1/-1->6->5 [18] 7/-1/-1->6->5 [19] 7/-1/-1->6->5 [20] 7/-1/-1->6->5 [21] 7/-1/-1->6->5 [22] 7/-1/-1->6->5 [23] 7/-1/-1->6->5
[default6]:job-e807e32d-7aab-4e0d-b687-e73e463923d7-worker-0:253:581 [6] NCCL INFO P2P Chunksize set to 524288
[default6]:job-e807e32d-7aab-4e0d-b687-e73e463923d7-worker-0:253:581 [6] NCCL INFO PROFILER/Plugin: Could not find: libnccl-profiler.so. 
[default6]:job-e807e32d-7aab-4e0d-b687-e73e463923d7-worker-0:253:601 [6] NCCL INFO [Proxy Service] Device 6 CPU core 146
[default6]:job-e807e32d-7aab-4e0d-b687-e73e463923d7-worker-0:253:603 [6] NCCL INFO [Proxy Service UDS] Device 6 CPU core 147
[default1]:job-e807e32d-7aab-4e0d-b687-e73e463923d7-worker-0:248:590 [1] NCCL INFO TUNER/Plugin: Could not find: libnccl-tuner.so. Using internal tuner plugin.
[default1]:job-e807e32d-7aab-4e0d-b687-e73e463923d7-worker-0:248:590 [1] NCCL INFO ncclCommInitRankConfig comm 0x56133127eba0 rank 1 nranks 8 cudaDev 1 nvmlDev 1 busId 3b000 commId 0x415c0bbf2d093211 - Init COMPLETE
[default1]:job-e807e32d-7aab-4e0d-b687-e73e463923d7-worker-0:248:590 [1] NCCL INFO Init timings - ncclCommInitRankConfig: rank 1 nranks 8 total 1.24 (kernels 0.64, alloc 0.45, bootstrap 0.00, allgathers 0.01, topo 0.05, graphs 0.01, connections 0.06, rest 0.03)
[default1]:job-e807e32d-7aab-4e0d-b687-e73e463923d7-worker-0:248:618 [1] NCCL INFO Channel 00/0 : 1[1] -> 2[2] via P2P/CUMEM
[default1]:job-e807e32d-7aab-4e0d-b687-e73e463923d7-worker-0:248:618 [1] NCCL INFO Channel 01/0 : 1[1] -> 2[2] via P2P/CUMEM
[default1]:job-e807e32d-7aab-4e0d-b687-e73e463923d7-worker-0:248:618 [1] NCCL INFO Channel 02/0 : 1[1] -> 2[2] via P2P/CUMEM
[default1]:job-e807e32d-7aab-4e0d-b687-e73e463923d7-worker-0:248:618 [1] NCCL INFO Channel 03/0 : 1[1] -> 2[2] via P2P/CUMEM
[default1]:job-e807e32d-7aab-4e0d-b687-e73e463923d7-worker-0:248:618 [1] NCCL INFO Channel 04/0 : 1[1] -> 2[2] via P2P/CUMEM
[default1]:job-e807e32d-7aab-4e0d-b687-e73e463923d7-worker-0:248:618 [1] NCCL INFO Channel 05/0 : 1[1] -> 2[2] via P2P/CUMEM
[default1]:job-e807e32d-7aab-4e0d-b687-e73e463923d7-worker-0:248:618 [1] NCCL INFO Channel 06/0 : 1[1] -> 2[2] via P2P/CUMEM
[default1]:job-e807e32d-7aab-4e0d-b687-e73e463923d7-worker-0:248:618 [1] NCCL INFO Channel 07/0 : 1[1] -> 2[2] via P2P/CUMEM
[default1]:job-e807e32d-7aab-4e0d-b687-e73e463923d7-worker-0:248:618 [1] NCCL INFO Channel 08/0 : 1[1] -> 2[2] via P2P/CUMEM
[default1]:job-e807e32d-7aab-4e0d-b687-e73e463923d7-worker-0:248:618 [1] NCCL INFO Channel 09/0 : 1[1] -> 2[2] via P2P/CUMEM
[default1]:job-e807e32d-7aab-4e0d-b687-e73e463923d7-worker-0:248:618 [1] NCCL INFO Channel 10/0 : 1[1] -> 2[2] via P2P/CUMEM
[default1]:job-e807e32d-7aab-4e0d-b687-e73e463923d7-worker-0:248:618 [1] NCCL INFO Channel 11/0 : 1[1] -> 2[2] via P2P/CUMEM
[default1]:job-e807e32d-7aab-4e0d-b687-e73e463923d7-worker-0:248:618 [1] NCCL INFO Channel 12/0 : 1[1] -> 2[2] via P2P/CUMEM
[default1]:job-e807e32d-7aab-4e0d-b687-e73e463923d7-worker-0:248:618 [1] NCCL INFO Channel 13/0 : 1[1] -> 2[2] via P2P/CUMEM
[default1]:job-e807e32d-7aab-4e0d-b687-e73e463923d7-worker-0:248:618 [1] NCCL INFO Channel 14/0 : 1[1] -> 2[2] via P2P/CUMEM
[default1]:job-e807e32d-7aab-4e0d-b687-e73e463923d7-worker-0:248:618 [1] NCCL INFO Channel 15/0 : 1[1] -> 2[2] via P2P/CUMEM
[default1]:job-e807e32d-7aab-4e0d-b687-e73e463923d7-worker-0:248:618 [1] NCCL INFO Channel 16/0 : 1[1] -> 2[2] via P2P/CUMEM
[default1]:job-e807e32d-7aab-4e0d-b687-e73e463923d7-worker-0:248:618 [1] NCCL INFO Channel 17/0 : 1[1] -> 2[2] via P2P/CUMEM
[default1]:job-e807e32d-7aab-4e0d-b687-e73e463923d7-worker-0:248:618 [1] NCCL INFO Channel 18/0 : 1[1] -> 2[2] via P2P/CUMEM
[default1]:job-e807e32d-7aab-4e0d-b687-e73e463923d7-worker-0:248:618 [1] NCCL INFO Channel 19/0 : 1[1] -> 2[2] via P2P/CUMEM
[default1]:job-e807e32d-7aab-4e0d-b687-e73e463923d7-worker-0:248:618 [1] NCCL INFO Channel 20/0 : 1[1] -> 2[2] via P2P/CUMEM
[default1]:job-e807e32d-7aab-4e0d-b687-e73e463923d7-worker-0:248:618 [1] NCCL INFO Channel 21/0 : 1[1] -> 2[2] via P2P/CUMEM
[default1]:job-e807e32d-7aab-4e0d-b687-e73e463923d7-worker-0:248:618 [1] NCCL INFO Channel 22/0 : 1[1] -> 2[2] via P2P/CUMEM
[default1]:job-e807e32d-7aab-4e0d-b687-e73e463923d7-worker-0:248:618 [1] NCCL INFO Channel 23/0 : 1[1] -> 2[2] via P2P/CUMEM
[default2]:job-e807e32d-7aab-4e0d-b687-e73e463923d7-worker-0:249:582 [2] NCCL INFO threadThresholds 8/8/64 | 64/8/64 | 512 | 512
[default2]:job-e807e32d-7aab-4e0d-b687-e73e463923d7-worker-0:249:582 [2] NCCL INFO 24 coll channels, 24 collnet channels, 0 nvls channels, 32 p2p channels, 32 p2p channels per peer
[default2]:job-e807e32d-7aab-4e0d-b687-e73e463923d7-worker-0:249:582 [2] NCCL INFO TUNER/Plugin: Could not find: libnccl-tuner.so. Using internal tuner plugin.
[default2]:job-e807e32d-7aab-4e0d-b687-e73e463923d7-worker-0:249:582 [2] NCCL INFO ncclCommInitRankConfig comm 0x5564b4fce0b0 rank 2 nranks 8 cudaDev 2 nvmlDev 2 busId 4c000 commId 0x415c0bbf2d093211 - Init COMPLETE
[default2]:job-e807e32d-7aab-4e0d-b687-e73e463923d7-worker-0:249:582 [2] NCCL INFO Init timings - ncclCommInitRankConfig: rank 2 nranks 8 total 1.30 (kernels 0.39, alloc 0.70, bootstrap 0.06, allgathers 0.01, topo 0.05, graphs 0.01, connections 0.06, rest 0.02)
[default2]:job-e807e32d-7aab-4e0d-b687-e73e463923d7-worker-0:249:619 [2] NCCL INFO Channel 00/0 : 2[2] -> 3[3] via P2P/CUMEM
[default2]:job-e807e32d-7aab-4e0d-b687-e73e463923d7-worker-0:249:619 [2] NCCL INFO Channel 01/0 : 2[2] -> 3[3] via P2P/CUMEM
[default2]:job-e807e32d-7aab-4e0d-b687-e73e463923d7-worker-0:249:619 [2] NCCL INFO Channel 02/0 : 2[2] -> 3[3] via P2P/CUMEM
[default2]:job-e807e32d-7aab-4e0d-b687-e73e463923d7-worker-0:249:619 [2] NCCL INFO Channel 03/0 : 2[2] -> 3[3] via P2P/CUMEM
[default2]:job-e807e32d-7aab-4e0d-b687-e73e463923d7-worker-0:249:619 [2] NCCL INFO Channel 04/0 : 2[2] -> 3[3] via P2P/CUMEM
[default2]:job-e807e32d-7aab-4e0d-b687-e73e463923d7-worker-0:249:619 [2] NCCL INFO Channel 05/0 : 2[2] -> 3[3] via P2P/CUMEM
[default2]:job-e807e32d-7aab-4e0d-b687-e73e463923d7-worker-0:249:619 [2] NCCL INFO Channel 06/0 : 2[2] -> 3[3] via P2P/CUMEM
[default2]:job-e807e32d-7aab-4e0d-b687-e73e463923d7-worker-0:249:619 [2] NCCL INFO Channel 07/0 : 2[2] -> 3[3] via P2P/CUMEM
[default2]:job-e807e32d-7aab-4e0d-b687-e73e463923d7-worker-0:249:619 [2] NCCL INFO Channel 08/0 : 2[2] -> 3[3] via P2P/CUMEM
[default2]:job-e807e32d-7aab-4e0d-b687-e73e463923d7-worker-0:249:619 [2] NCCL INFO Channel 09/0 : 2[2] -> 3[3] via P2P/CUMEM
[default2]:job-e807e32d-7aab-4e0d-b687-e73e463923d7-worker-0:249:619 [2] NCCL INFO Channel 10/0 : 2[2] -> 3[3] via P2P/CUMEM
[default2]:job-e807e32d-7aab-4e0d-b687-e73e463923d7-worker-0:249:619 [2] NCCL INFO Channel 11/0 : 2[2] -> 3[3] via P2P/CUMEM
[default2]:job-e807e32d-7aab-4e0d-b687-e73e463923d7-worker-0:249:619 [2] NCCL INFO Channel 12/0 : 2[2] -> 3[3] via P2P/CUMEM
[default2]:job-e807e32d-7aab-4e0d-b687-e73e463923d7-worker-0:249:619 [2] NCCL INFO Channel 13/0 : 2[2] -> 3[3] via P2P/CUMEM
[default2]:job-e807e32d-7aab-4e0d-b687-e73e463923d7-worker-0:249:619 [2] NCCL INFO Channel 14/0 : 2[2] -> 3[3] via P2P/CUMEM
[default2]:job-e807e32d-7aab-4e0d-b687-e73e463923d7-worker-0:249:619 [2] NCCL INFO Channel 15/0 : 2[2] -> 3[3] via P2P/CUMEM
[default2]:job-e807e32d-7aab-4e0d-b687-e73e463923d7-worker-0:249:619 [2] NCCL INFO Channel 16/0 : 2[2] -> 3[3] via P2P/CUMEM
[default2]:job-e807e32d-7aab-4e0d-b687-e73e463923d7-worker-0:249:619 [2] NCCL INFO Channel 17/0 : 2[2] -> 3[3] via P2P/CUMEM
[default2]:job-e807e32d-7aab-4e0d-b687-e73e463923d7-worker-0:249:619 [2] NCCL INFO Channel 18/0 : 2[2] -> 3[3] via P2P/CUMEM
[default2]:job-e807e32d-7aab-4e0d-b687-e73e463923d7-worker-0:249:619 [2] NCCL INFO Channel 19/0 : 2[2] -> 3[3] via P2P/CUMEM
[default2]:job-e807e32d-7aab-4e0d-b687-e73e463923d7-worker-0:249:619 [2] NCCL INFO Channel 20/0 : 2[2] -> 3[3] via P2P/CUMEM
[default2]:job-e807e32d-7aab-4e0d-b687-e73e463923d7-worker-0:249:619 [2] NCCL INFO Channel 21/0 : 2[2] -> 3[3] via P2P/CUMEM
[default2]:job-e807e32d-7aab-4e0d-b687-e73e463923d7-worker-0:249:619 [2] NCCL INFO Channel 22/0 : 2[2] -> 3[3] via P2P/CUMEM
[default2]:job-e807e32d-7aab-4e0d-b687-e73e463923d7-worker-0:249:619 [2] NCCL INFO Channel 23/0 : 2[2] -> 3[3] via P2P/CUMEM
[default3]:job-e807e32d-7aab-4e0d-b687-e73e463923d7-worker-0:250:585 [3] NCCL INFO threadThresholds 8/8/64 | 64/8/64 | 512 | 512
[default3]:job-e807e32d-7aab-4e0d-b687-e73e463923d7-worker-0:250:585 [3] NCCL INFO 24 coll channels, 24 collnet channels, 0 nvls channels, 32 p2p channels, 32 p2p channels per peer
[default3]:job-e807e32d-7aab-4e0d-b687-e73e463923d7-worker-0:250:585 [3] NCCL INFO TUNER/Plugin: Could not find: libnccl-tuner.so. Using internal tuner plugin.
[default3]:job-e807e32d-7aab-4e0d-b687-e73e463923d7-worker-0:250:585 [3] NCCL INFO ncclCommInitRankConfig comm 0x563c6b199700 rank 3 nranks 8 cudaDev 3 nvmlDev 3 busId 5d000 commId 0x415c0bbf2d093211 - Init COMPLETE
[default3]:job-e807e32d-7aab-4e0d-b687-e73e463923d7-worker-0:250:585 [3] NCCL INFO Init timings - ncclCommInitRankConfig: rank 3 nranks 8 total 1.30 (kernels 0.34, alloc 0.70, bootstrap 0.10, allgathers 0.01, topo 0.05, graphs 0.01, connections 0.06, rest 0.02)
[default3]:job-e807e32d-7aab-4e0d-b687-e73e463923d7-worker-0:250:621 [3] NCCL INFO Channel 00/0 : 3[3] -> 4[4] via P2P/CUMEM
[default3]:job-e807e32d-7aab-4e0d-b687-e73e463923d7-worker-0:250:621 [3] NCCL INFO Channel 01/0 : 3[3] -> 4[4] via P2P/CUMEM
[default3]:job-e807e32d-7aab-4e0d-b687-e73e463923d7-worker-0:250:621 [3] NCCL INFO Channel 02/0 : 3[3] -> 4[4] via P2P/CUMEM
[default3]:job-e807e32d-7aab-4e0d-b687-e73e463923d7-worker-0:250:621 [3] NCCL INFO Channel 03/0 : 3[3] -> 4[4] via P2P/CUMEM
[default3]:job-e807e32d-7aab-4e0d-b687-e73e463923d7-worker-0:250:621 [3] NCCL INFO Channel 04/0 : 3[3] -> 4[4] via P2P/CUMEM
[default3]:job-e807e32d-7aab-4e0d-b687-e73e463923d7-worker-0:250:621 [3] NCCL INFO Channel 05/0 : 3[3] -> 4[4] via P2P/CUMEM
[default3]:job-e807e32d-7aab-4e0d-b687-e73e463923d7-worker-0:250:621 [3] NCCL INFO Channel 06/0 : 3[3] -> 4[4] via P2P/CUMEM
[default3]:job-e807e32d-7aab-4e0d-b687-e73e463923d7-worker-0:250:621 [3] NCCL INFO Channel 07/0 : 3[3] -> 4[4] via P2P/CUMEM
[default3]:job-e807e32d-7aab-4e0d-b687-e73e463923d7-worker-0:250:621 [3] NCCL INFO Channel 08/0 : 3[3] -> 4[4] via P2P/CUMEM
[default3]:job-e807e32d-7aab-4e0d-b687-e73e463923d7-worker-0:250:621 [3] NCCL INFO Channel 09/0 : 3[3] -> 4[4] via P2P/CUMEM
[default3]:job-e807e32d-7aab-4e0d-b687-e73e463923d7-worker-0:250:621 [3] NCCL INFO Channel 10/0 : 3[3] -> 4[4] via P2P/CUMEM
[default3]:job-e807e32d-7aab-4e0d-b687-e73e463923d7-worker-0:250:621 [3] NCCL INFO Channel 11/0 : 3[3] -> 4[4] via P2P/CUMEM
[default3]:job-e807e32d-7aab-4e0d-b687-e73e463923d7-worker-0:250:621 [3] NCCL INFO Channel 12/0 : 3[3] -> 4[4] via P2P/CUMEM
[default3]:job-e807e32d-7aab-4e0d-b687-e73e463923d7-worker-0:250:621 [3] NCCL INFO Channel 13/0 : 3[3] -> 4[4] via P2P/CUMEM
[default3]:job-e807e32d-7aab-4e0d-b687-e73e463923d7-worker-0:250:621 [3] NCCL INFO Channel 14/0 : 3[3] -> 4[4] via P2P/CUMEM
[default3]:job-e807e32d-7aab-4e0d-b687-e73e463923d7-worker-0:250:621 [3] NCCL INFO Channel 15/0 : 3[3] -> 4[4] via P2P/CUMEM
[default3]:job-e807e32d-7aab-4e0d-b687-e73e463923d7-worker-0:250:621 [3] NCCL INFO Channel 16/0 : 3[3] -> 4[4] via P2P/CUMEM
[default3]:job-e807e32d-7aab-4e0d-b687-e73e463923d7-worker-0:250:621 [3] NCCL INFO Channel 17/0 : 3[3] -> 4[4] via P2P/CUMEM
[default3]:job-e807e32d-7aab-4e0d-b687-e73e463923d7-worker-0:250:621 [3] NCCL INFO Channel 18/0 : 3[3] -> 4[4] via P2P/CUMEM
[default3]:job-e807e32d-7aab-4e0d-b687-e73e463923d7-worker-0:250:621 [3] NCCL INFO Channel 19/0 : 3[3] -> 4[4] via P2P/CUMEM
[default3]:job-e807e32d-7aab-4e0d-b687-e73e463923d7-worker-0:250:621 [3] NCCL INFO Channel 20/0 : 3[3] -> 4[4] via P2P/CUMEM
[default3]:job-e807e32d-7aab-4e0d-b687-e73e463923d7-worker-0:250:621 [3] NCCL INFO Channel 21/0 : 3[3] -> 4[4] via P2P/CUMEM
[default3]:job-e807e32d-7aab-4e0d-b687-e73e463923d7-worker-0:250:621 [3] NCCL INFO Channel 22/0 : 3[3] -> 4[4] via P2P/CUMEM
[default3]:job-e807e32d-7aab-4e0d-b687-e73e463923d7-worker-0:250:621 [3] NCCL INFO Channel 23/0 : 3[3] -> 4[4] via P2P/CUMEM
[default5]:job-e807e32d-7aab-4e0d-b687-e73e463923d7-worker-0:252:587 [5] NCCL INFO threadThresholds 8/8/64 | 64/8/64 | 512 | 512
[default5]:job-e807e32d-7aab-4e0d-b687-e73e463923d7-worker-0:252:587 [5] NCCL INFO 24 coll channels, 24 collnet channels, 0 nvls channels, 32 p2p channels, 32 p2p channels per peer
[default5]:job-e807e32d-7aab-4e0d-b687-e73e463923d7-worker-0:252:587 [5] NCCL INFO TUNER/Plugin: Could not find: libnccl-tuner.so. Using internal tuner plugin.
[default5]:job-e807e32d-7aab-4e0d-b687-e73e463923d7-worker-0:252:587 [5] NCCL INFO ncclCommInitRankConfig comm 0x5571e41170b0 rank 5 nranks 8 cudaDev 5 nvmlDev 5 busId bb000 commId 0x415c0bbf2d093211 - Init COMPLETE
[default5]:job-e807e32d-7aab-4e0d-b687-e73e463923d7-worker-0:252:587 [5] NCCL INFO Init timings - ncclCommInitRankConfig: rank 5 nranks 8 total 1.28 (kernels 0.47, alloc 0.62, bootstrap 0.03, allgathers 0.01, topo 0.05, graphs 0.01, connections 0.06, rest 0.02)
[default5]:job-e807e32d-7aab-4e0d-b687-e73e463923d7-worker-0:252:616 [5] NCCL INFO Channel 00/0 : 5[5] -> 6[6] via P2P/CUMEM
[default5]:job-e807e32d-7aab-4e0d-b687-e73e463923d7-worker-0:252:616 [5] NCCL INFO Channel 01/0 : 5[5] -> 6[6] via P2P/CUMEM
[default5]:job-e807e32d-7aab-4e0d-b687-e73e463923d7-worker-0:252:616 [5] NCCL INFO Channel 02/0 : 5[5] -> 6[6] via P2P/CUMEM
[default5]:job-e807e32d-7aab-4e0d-b687-e73e463923d7-worker-0:252:616 [5] NCCL INFO Channel 03/0 : 5[5] -> 6[6] via P2P/CUMEM
[default5]:job-e807e32d-7aab-4e0d-b687-e73e463923d7-worker-0:252:616 [5] NCCL INFO Channel 04/0 : 5[5] -> 6[6] via P2P/CUMEM
[default5]:job-e807e32d-7aab-4e0d-b687-e73e463923d7-worker-0:252:616 [5] NCCL INFO Channel 05/0 : 5[5] -> 6[6] via P2P/CUMEM
[default5]:job-e807e32d-7aab-4e0d-b687-e73e463923d7-worker-0:252:616 [5] NCCL INFO Channel 06/0 : 5[5] -> 6[6] via P2P/CUMEM
[default5]:job-e807e32d-7aab-4e0d-b687-e73e463923d7-worker-0:252:616 [5] NCCL INFO Channel 07/0 : 5[5] -> 6[6] via P2P/CUMEM
[default5]:job-e807e32d-7aab-4e0d-b687-e73e463923d7-worker-0:252:616 [5] NCCL INFO Channel 08/0 : 5[5] -> 6[6] via P2P/CUMEM
[default5]:job-e807e32d-7aab-4e0d-b687-e73e463923d7-worker-0:252:616 [5] NCCL INFO Channel 09/0 : 5[5] -> 6[6] via P2P/CUMEM
[default5]:job-e807e32d-7aab-4e0d-b687-e73e463923d7-worker-0:252:616 [5] NCCL INFO Channel 10/0 : 5[5] -> 6[6] via P2P/CUMEM
[default5]:job-e807e32d-7aab-4e0d-b687-e73e463923d7-worker-0:252:616 [5] NCCL INFO Channel 11/0 : 5[5] -> 6[6] via P2P/CUMEM
[default5]:job-e807e32d-7aab-4e0d-b687-e73e463923d7-worker-0:252:616 [5] NCCL INFO Channel 12/0 : 5[5] -> 6[6] via P2P/CUMEM
[default5]:job-e807e32d-7aab-4e0d-b687-e73e463923d7-worker-0:252:616 [5] NCCL INFO Channel 13/0 : 5[5] -> 6[6] via P2P/CUMEM
[default5]:job-e807e32d-7aab-4e0d-b687-e73e463923d7-worker-0:252:616 [5] NCCL INFO Channel 14/0 : 5[5] -> 6[6] via P2P/CUMEM
[default5]:job-e807e32d-7aab-4e0d-b687-e73e463923d7-worker-0:252:616 [5] NCCL INFO Channel 15/0 : 5[5] -> 6[6] via P2P/CUMEM
[default5]:job-e807e32d-7aab-4e0d-b687-e73e463923d7-worker-0:252:616 [5] NCCL INFO Channel 16/0 : 5[5] -> 6[6] via P2P/CUMEM
[default5]:job-e807e32d-7aab-4e0d-b687-e73e463923d7-worker-0:252:616 [5] NCCL INFO Channel 17/0 : 5[5] -> 6[6] via P2P/CUMEM
[default5]:job-e807e32d-7aab-4e0d-b687-e73e463923d7-worker-0:252:616 [5] NCCL INFO Channel 18/0 : 5[5] -> 6[6] via P2P/CUMEM
[default5]:job-e807e32d-7aab-4e0d-b687-e73e463923d7-worker-0:252:616 [5] NCCL INFO Channel 19/0 : 5[5] -> 6[6] via P2P/CUMEM
[default5]:job-e807e32d-7aab-4e0d-b687-e73e463923d7-worker-0:252:616 [5] NCCL INFO Channel 20/0 : 5[5] -> 6[6] via P2P/CUMEM
[default7]:job-e807e32d-7aab-4e0d-b687-e73e463923d7-worker-0:254:586 [7] NCCL INFO threadThresholds 8/8/64 | 64/8/64 | 512 | 512
[default5]:job-e807e32d-7aab-4e0d-b687-e73e463923d7-worker-0:252:616 [5] NCCL INFO Channel 21/0 : 5[5] -> 6[6] via P2P/CUMEM
[default7]:job-e807e32d-7aab-4e0d-b687-e73e463923d7-worker-0:254:586 [7] NCCL INFO 24 coll channels, 24 collnet channels, 0 nvls channels, 32 p2p channels, 32 p2p channels per peer
[default5]:job-e807e32d-7aab-4e0d-b687-e73e463923d7-worker-0:252:616 [5] NCCL INFO Channel 22/0 : 5[5] -> 6[6] via P2P/CUMEM
[default7]:job-e807e32d-7aab-4e0d-b687-e73e463923d7-worker-0:254:586 [7] NCCL INFO TUNER/Plugin: Could not find: libnccl-tuner.so. Using internal tuner plugin.
[default5]:job-e807e32d-7aab-4e0d-b687-e73e463923d7-worker-0:252:616 [5] NCCL INFO Channel 23/0 : 5[5] -> 6[6] via P2P/CUMEM
[default7]:job-e807e32d-7aab-4e0d-b687-e73e463923d7-worker-0:254:586 [7] NCCL INFO ncclCommInitRankConfig comm 0x5616fb60cd40 rank 7 nranks 8 cudaDev 7 nvmlDev 7 busId db000 commId 0x415c0bbf2d093211 - Init COMPLETE
[default7]:job-e807e32d-7aab-4e0d-b687-e73e463923d7-worker-0:254:586 [7] NCCL INFO Init timings - ncclCommInitRankConfig: rank 7 nranks 8 total 1.30 (kernels 0.36, alloc 0.71, bootstrap 0.07, allgathers 0.01, topo 0.05, graphs 0.01, connections 0.06, rest 0.02)
[default7]:job-e807e32d-7aab-4e0d-b687-e73e463923d7-worker-0:254:617 [7] NCCL INFO Channel 00/0 : 7[7] -> 0[0] via P2P/CUMEM
[default7]:job-e807e32d-7aab-4e0d-b687-e73e463923d7-worker-0:254:617 [7] NCCL INFO Channel 01/0 : 7[7] -> 0[0] via P2P/CUMEM
[default7]:job-e807e32d-7aab-4e0d-b687-e73e463923d7-worker-0:254:617 [7] NCCL INFO Channel 02/0 : 7[7] -> 0[0] via P2P/CUMEM
[default7]:job-e807e32d-7aab-4e0d-b687-e73e463923d7-worker-0:254:617 [7] NCCL INFO Channel 03/0 : 7[7] -> 0[0] via P2P/CUMEM
[default7]:job-e807e32d-7aab-4e0d-b687-e73e463923d7-worker-0:254:617 [7] NCCL INFO Channel 04/0 : 7[7] -> 0[0] via P2P/CUMEM
[default7]:job-e807e32d-7aab-4e0d-b687-e73e463923d7-worker-0:254:617 [7] NCCL INFO Channel 05/0 : 7[7] -> 0[0] via P2P/CUMEM
[default7]:job-e807e32d-7aab-4e0d-b687-e73e463923d7-worker-0:254:617 [7] NCCL INFO Channel 06/0 : 7[7] -> 0[0] via P2P/CUMEM
[default7]:job-e807e32d-7aab-4e0d-b687-e73e463923d7-worker-0:254:617 [7] NCCL INFO Channel 07/0 : 7[7] -> 0[0] via P2P/CUMEM
[default7]:job-e807e32d-7aab-4e0d-b687-e73e463923d7-worker-0:254:617 [7] NCCL INFO Channel 08/0 : 7[7] -> 0[0] via P2P/CUMEM
[default7]:job-e807e32d-7aab-4e0d-b687-e73e463923d7-worker-0:254:617 [7] NCCL INFO Channel 09/0 : 7[7] -> 0[0] via P2P/CUMEM
[default7]:job-e807e32d-7aab-4e0d-b687-e73e463923d7-worker-0:254:617 [7] NCCL INFO Channel 10/0 : 7[7] -> 0[0] via P2P/CUMEM
[default7]:job-e807e32d-7aab-4e0d-b687-e73e463923d7-worker-0:254:617 [7] NCCL INFO Channel 11/0 : 7[7] -> 0[0] via P2P/CUMEM
[default7]:job-e807e32d-7aab-4e0d-b687-e73e463923d7-worker-0:254:617 [7] NCCL INFO Channel 12/0 : 7[7] -> 0[0] via P2P/CUMEM
[default7]:job-e807e32d-7aab-4e0d-b687-e73e463923d7-worker-0:254:617 [7] NCCL INFO Channel 13/0 : 7[7] -> 0[0] via P2P/CUMEM
[default7]:job-e807e32d-7aab-4e0d-b687-e73e463923d7-worker-0:254:617 [7] NCCL INFO Channel 14/0 : 7[7] -> 0[0] via P2P/CUMEM
[default7]:job-e807e32d-7aab-4e0d-b687-e73e463923d7-worker-0:254:617 [7] NCCL INFO Channel 15/0 : 7[7] -> 0[0] via P2P/CUMEM
[default7]:job-e807e32d-7aab-4e0d-b687-e73e463923d7-worker-0:254:617 [7] NCCL INFO Channel 16/0 : 7[7] -> 0[0] via P2P/CUMEM
[default7]:job-e807e32d-7aab-4e0d-b687-e73e463923d7-worker-0:254:617 [7] NCCL INFO Channel 17/0 : 7[7] -> 0[0] via P2P/CUMEM
[default7]:job-e807e32d-7aab-4e0d-b687-e73e463923d7-worker-0:254:617 [7] NCCL INFO Channel 18/0 : 7[7] -> 0[0] via P2P/CUMEM
[default7]:job-e807e32d-7aab-4e0d-b687-e73e463923d7-worker-0:254:617 [7] NCCL INFO Channel 19/0 : 7[7] -> 0[0] via P2P/CUMEM
[default7]:job-e807e32d-7aab-4e0d-b687-e73e463923d7-worker-0:254:617 [7] NCCL INFO Channel 20/0 : 7[7] -> 0[0] via P2P/CUMEM
[default7]:job-e807e32d-7aab-4e0d-b687-e73e463923d7-worker-0:254:617 [7] NCCL INFO Channel 21/0 : 7[7] -> 0[0] via P2P/CUMEM
[default7]:job-e807e32d-7aab-4e0d-b687-e73e463923d7-worker-0:254:617 [7] NCCL INFO Channel 22/0 : 7[7] -> 0[0] via P2P/CUMEM
[default7]:job-e807e32d-7aab-4e0d-b687-e73e463923d7-worker-0:254:617 [7] NCCL INFO Channel 23/0 : 7[7] -> 0[0] via P2P/CUMEM
[default0]:job-e807e32d-7aab-4e0d-b687-e73e463923d7-worker-0:247:573 [0] NCCL INFO threadThresholds 8/8/64 | 64/8/64 | 512 | 512
[default0]:job-e807e32d-7aab-4e0d-b687-e73e463923d7-worker-0:247:573 [0] NCCL INFO 24 coll channels, 24 collnet channels, 0 nvls channels, 32 p2p channels, 32 p2p channels per peer
[default0]:job-e807e32d-7aab-4e0d-b687-e73e463923d7-worker-0:247:573 [0] NCCL INFO CC Off, workFifoBytes 1048576
